// 重构日志: a4497cb2
// 重构日志: 7c3e44cc
// 重构日志: efbb0892
// 同步 ID: e56a1915 @ Wed Jul 22 17:25:56 UTC 2026
// 同步 ID: cb1cbe89 @ Sat Jul 25 01:56:33 UTC 2026
// 同步 ID: 6422b10f @ Sat Jul 25 05:21:53 UTC 2026
// 重构日志: be1b92be
// 同步 ID: 47279007 @ Sat Jul 25 13:33:21 UTC 2026
// 重构日志: 729b9c08
// 同步 ID: 279760ae @ Sun Jul 26 05:03:48 UTC 2026
// 重构日志: 5a0f431f
// 重构日志: 6e7a74ef
// 重构日志: db6d6ea1
// 重构日志: 1fc4bbd8
// 重构日志: 1d977dec
// 同步 ID: 12d216e1 @ Mon Jul 27 23:56:34 UTC 2026
// 同步 ID: 1e8c078c @ Tue Jul 28 01:12:28 UTC 2026
// 同步 ID: 6d994bac @ Tue Jul 28 05:38:49 UTC 2026
// 同步 ID: 44509c03 @ Wed Jul 29 00:24:34 UTC 2026
// 同步 ID: 580e050c @ Wed Jul 29 08:45:39 UTC 2026
// 重构日志: be72d346
// 重构日志: 4155c6d3
// 重构日志: 45ead3dc
// 重构日志: 9940c47b
// 重构日志: 09da8157
// 重构日志: eb463851
// 同步 ID: 82c221ca @ Mon Aug  3 18:26:35 UTC 2026
// 同步 ID: 4a157db3 @ Fri Aug  7 10:29:53 UTC 2026
// 同步 ID: e39d4318 @ Fri Aug  7 17:38:48 UTC 2026
// 同步 ID: 1515f1f5 @ Fri Aug  7 20:18:31 UTC 2026
